[    0.000000] Linux version 4.15.0-213-generic (buildd@lcy02-amd64-079) (gcc version 7.5.0 (Ubuntu 7.5.0-3ubuntu1~18.04)) #224-Ubuntu SMP Mon Jun 19 13:30:12 UTC 2023 (Ubuntu 4.15.0-213.224-generic 4.15.18)
[    0.000000] Command line: BOOT_IMAGE=/boot/vmlinuz-4.15.0-213-generic root=UUID=f685bb41-0e3b-40c4-89c1-eea0f0583525 ro console=tty1 console=ttyS0
[    0.000000] KERNEL supported cpus:
[    0.000000]   Intel GenuineIntel
[    0.000000]   AMD AuthenticAMD
[    0.000000]   Centaur CentaurHauls
[    0.000000] x86/fpu: x87 FPU will use FXSAVE
[    0.000000] e820: BIOS-provided physical RAM map:
[    0.000000] BIOS-e820: [mem 0x0000000000000000-0x000000000009fbff] usable
[    0.000000] BIOS-e820: [mem 0x000000000009fc00-0x000000000009ffff] reserved
[    0.000000] BIOS-e820: [mem 0x00000000000f0000-0x00000000000fffff] reserved
[    0.000000] BIOS-e820: [mem 0x0000000000100000-0x000000003ffeffff] usable
[    0.000000] BIOS-e820: [mem 0x000000003fff0000-0x000000003fffffff] ACPI data
[    0.000000] BIOS-e820: [mem 0x00000000fec00000-0x00000000fec00fff] reserved
[    0.000000] BIOS-e820: [mem 0x00000000fee00000-0x00000000fee00fff] reserved
[    0.000000] BIOS-e820: [mem 0x00000000fffc0000-0x00000000ffffffff] reserved
[    0.000000] NX (Execute Disable) protection: active
[    0.000000] SMBIOS 2.5 present.
[    0.000000] DMI: innotek GmbH VirtualBox/VirtualBox, BIOS VirtualBox 12/01/2006
[    0.000000] Hypervisor detected: KVM
[    0.000000] e820: last_pfn = 0x3fff0 max_arch_pfn = 0x400000000
[    0.000000] x86/PAT: Configuration [0-7]: WB  WC  UC- UC  WB  WP  UC- WT  
[    0.000000] CPU MTRRs all blank - virtualized system.
[    0.000000] found SMP MP-table at [mem 0x0009fbf0-0x0009fbff]
[    0.000000] Scanning 1 areas for low memory corruption
[    0.000000] RAMDISK: [mem 0x35819000-0x36c03fff]
[    0.000000] ACPI: Early table checksum verification disabled
[    0.000000] ACPI: RSDP 0x00000000000E0000 000024 (v02 VBOX  )
[    0.000000] ACPI: XSDT 0x000000003FFF0030 00003C (v01 VBOX   VBOXXSDT 00000001 ASL  00000061)
[    0.000000] ACPI: FACP 0x000000003FFF00F0 0000F4 (v04 VBOX   VBOXFACP 00000001 ASL  00000061)
[    0.000000] ACPI: DSDT 0x000000003FFF0610 002353 (v02 VBOX   VBOXBIOS 00000002 INTL 20100528)
[    0.000000] ACPI: FACS 0x000000003FFF0200 000040
[    0.000000] ACPI: FACS 0x000000003FFF0200 000040
[    0.000000] ACPI: APIC 0x000000003FFF0240 00005C (v02 VBOX   VBOXAPIC 00000001 ASL  00000061)
[    0.000000] ACPI: SSDT 0x000000003FFF02A0 00036C (v01 VBOX   VBOXCPUT 00000002 INTL 20100528)
[    0.000000] ACPI: Reserving FACP table memory at [mem 0x3fff00f0-0x3fff01e3]
[    0.000000] ACPI: Reserving DSDT table memory at [mem 0x3fff0610-0x3fff2962]
[    0.000000] ACPI: Reserving FACS table memory at [mem 0x3fff0200-0x3fff023f]
[    0.000000] ACPI: Reserving FACS table memory at [mem 0x3fff0200-0x3fff023f]
[    0.000000] ACPI: Reserving APIC table memory at [mem 0x3fff0240-0x3fff029b]
[    0.000000] ACPI: Reserving SSDT table memory at [mem 0x3fff02a0-0x3fff060b]
[    0.000000] No NUMA configuration found
[    0.000000] Faking a node at [mem 0x0000000000000000-0x000000003ffeffff]
[    0.000000] NODE_DATA(0) allocated [mem 0x3ffc5000-0x3ffeffff]
[    0.000000] kvm-clock: cpu 0, msr 0:3ff44001, primary cpu clock
[    0.000000] kvm-clock: Using msrs 4b564d01 and 4b564d00
[    0.000000] kvm-clock: using sched offset of 3774319407 cycles
[    0.000000] clocksource: kvm-clock: mask: 0xffffffffffffffff max_cycles: 0x1cd42e4dffb, max_idle_ns: 881590591483 ns
[    0.000000] Zone ranges:
[    0.000000]   DMA      [mem 0x0000000000001000-0x0000000000ffffff]
[    0.000000]   DMA32    [mem 0x0000000001000000-0x000000003ffeffff]
[    0.000000]   Normal   empty
[    0.000000]   Device   empty
[    0.000000] Movable zone start for each node
[    0.000000] Early memory node ranges
[    0.000000]   node   0: [mem 0x0000000000001000-0x000000000009efff]
[    0.000000]   node   0: [mem 0x0000000000100000-0x000000003ffeffff]
[    0.000000] Reserved but unavailable: 104 pages
[    0.000000] Initmem setup node 0 [mem 0x0000000000001000-0x000000003ffeffff]
[    0.000000] ACPI: PM-Timer IO Port: 0x4008
[    0.000000] IOAPIC[0]: apic_id 2, version 32, address 0xfec00000, GSI 0-23
[    0.000000] ACPI: INT_SRC_OVR (bus 0 bus_irq 0 global_irq 2 dfl dfl)
[    0.000000] ACPI: INT_SRC_OVR (bus 0 bus_irq 9 global_irq 9 low level)
[    0.000000] Using ACPI (MADT) for SMP configuration information
[    0.000000] smpboot: Allowing 2 CPUs, 0 hotplug CPUs
[    0.000000] PM: Registered nosave memory: [mem 0x00000000-0x00000fff]
[    0.000000] PM: Registered nosave memory: [mem 0x0009f000-0x0009ffff]
[    0.000000] PM: Registered nosave memory: [mem 0x000a0000-0x000effff]
[    0.000000] PM: Registered nosave memory: [mem 0x000f0000-0x000fffff]
[    0.000000] e820: [mem 0x40000000-0xfebfffff] available for PCI devices
[    0.000000] Booting paravirtualized kernel on KVM
[    0.000000] clocksource: refined-jiffies: mask: 0xffffffff max_cycles: 0xffffffff, max_idle_ns: 7645519600211568 ns
[    0.000000] setup_percpu: NR_CPUS:8192 nr_cpumask_bits:2 nr_cpu_ids:2 nr_node_ids:1
[    0.000000] percpu: Embedded 50 pages/cpu s167936 r8192 d28672 u1048576
[    0.000000] PV qspinlock hash table entries: 256 (order: 0, 4096 bytes)
[    0.000000] Built 1 zonelists, mobility grouping on.  Total pages: 257913
[    0.000000] Policy zone: DMA32
[    0.000000] Kernel command line: BOOT_IMAGE=/boot/vmlinuz-4.15.0-213-generic root=UUID=f685bb41-0e3b-40c4-89c1-eea0f0583525 ro console=tty1 console=ttyS0
[    0.000000] Memory: 981776K/1048120K available (12300K kernel code, 2477K rwdata, 4324K rodata, 2480K init, 2720K bss, 66344K reserved, 0K cma-reserved)
[    0.000000] SLUB: HWalign=64, Order=0-3, MinObjects=0, CPUs=2, Nodes=1
[    0.000000] ftrace: allocating 39508 entries in 155 pages
[    0.004000] Hierarchical RCU implementation.
[    0.004000] 	RCU restricting CPUs from NR_CPUS=8192 to nr_cpu_ids=2.
[    0.004000] 	Tasks RCU enabled.
[    0.004000] RCU: Adjusting geometry for rcu_fanout_leaf=16, nr_cpu_ids=2
[    0.004000] NR_IRQS: 524544, nr_irqs: 440, preallocated irqs: 16
[    0.004000] random: crng init done
[    0.004000] Console: colour VGA+ 80x25
[    0.004000] console [tty1] enabled
[    0.004000] console [ttyS0] enabled
[    0.004000] ACPI: Core revision 20170831
[    0.004000] ACPI: 2 ACPI AML tables successfully acquired and loaded
[    0.004000] APIC: Switch to symmetric I/O mode setup
[    0.004000] ..TIMER: vector=0x30 apic1=0 pin1=2 apic2=-1 pin2=-1
[    0.004000] tsc: Detected 2303.998 MHz processor
[    0.004000] Calibrating delay loop (skipped) preset value.. 4607.99 BogoMIPS (lpj=9215992)
[    0.004000] pid_max: default: 32768 minimum: 301
[    0.004100] Security Framework initialized
[    0.008007] Yama: becoming mindful.
[    0.012087] AppArmor: AppArmor initialized
[    0.019254] Dentry cache hash table entries: 131072 (order: 8, 1048576 bytes)
[    0.025067] Inode-cache hash table entries: 65536 (order: 7, 524288 bytes)
[    0.032041] Mount-cache hash table entries: 2048 (order: 2, 16384 bytes)
[    0.036067] Mountpoint-cache hash table entries: 2048 (order: 2, 16384 bytes)
[    0.044131] Last level iTLB entries: 4KB 0, 2MB 0, 4MB 0
[    0.048003] Last level dTLB entries: 4KB 0, 2MB 0, 4MB 0, 1GB 0
[    0.052004] Spectre V1 : Mitigation: usercopy/swapgs barriers and __user pointer sanitization
[    0.056003] Spectre V2 : Mitigation: Enhanced IBRS
[    0.060002] Spectre V2 : Spectre v2 / SpectreRSB mitigation: Filling RSB on context switch
[    0.064002] Spectre V2 : Spectre v2 / PBRSB-eIBRS: Retire a single CALL on VMEXIT
[    0.068002] RETBleed: Mitigation: Enhanced IBRS
[    0.072003] Speculative Store Bypass: Vulnerable
[    0.076172] Freeing SMP alternatives memory: 36K
[    0.192881] APIC calibration not consistent with PM-Timer: 98ms instead of 100ms
[    0.196000] APIC delta adjusted to PM-Timer: 6229899 (6146586)
[    0.196240] smpboot: CPU0: 11th Gen Intel(R) Core(TM) i7-11800H @ 2.30GHz (family: 0x6, model: 0x8d, stepping: 0x1)
[    0.200320] Performance Events: unsupported p6 CPU model 141 no PMU driver, software events only.
[    0.204076] Hierarchical SRCU implementation.
[    0.208579] NMI watchdog: Perf event create on CPU 0 failed with -2
[    0.212001] NMI watchdog: Perf NMI watchdog permanently disabled
[    0.216036] smp: Bringing up secondary CPUs ...
[    0.220082] x86: Booting SMP configuration:
[    0.224003] .... node  #0, CPUs:      #1
[    0.004000] kvm-clock: cpu 1, msr 0:3ff44041, secondary cpu clock
[    0.234210] TSC synchronization [CPU#0 -> CPU#1]:
[    0.236000] Measured 29417 cycles TSC warp between CPUs, turning off TSC clock.
[    0.236000] tsc: Marking TSC unstable due to check_tsc_sync_source failed
[    0.240006] smp: Brought up 1 node, 2 CPUs
[    0.242998] smpboot: Max logical packages: 1
[    0.244007] smpboot: Total of 2 processors activated (9215.99 BogoMIPS)
[    0.252004] devtmpfs: initialized
[    0.254247] x86/mm: Memory block size: 128MB
[    0.256099] evm: security.selinux
[    0.258173] evm: security.SMACK64
[    0.260005] evm: security.SMACK64EXEC
[    0.264003] evm: security.SMACK64TRANSMUTE
[    0.267459] evm: security.SMACK64MMAP
[    0.268004] evm: security.apparmor
[    0.272002] evm: security.ima
[    0.274403] evm: security.capability
[    0.276282] clocksource: jiffies: mask: 0xffffffff max_cycles: 0xffffffff, max_idle_ns: 7645041785100000 ns
[    0.284014] futex hash table entries: 512 (order: 3, 32768 bytes)
[    0.288051] pinctrl core: initialized pinctrl subsystem
[    0.292491] RTC time:  0:32:59, date: 12/11/24
[    0.297438] NET: Registered protocol family 16
[    0.300090] audit: initializing netlink subsys (disabled)
[    0.304190] audit: type=2000 audit(1733877184.110:1): state=initialized audit_enabled=0 res=1
[    0.308007] cpuidle: using governor ladder
[    0.312008] cpuidle: using governor menu
[    0.316051] ACPI: bus type PCI registered
[    0.318798] acpiphp: ACPI Hot Plug PCI Controller Driver version: 0.5
[    0.320391] PCI: Using configuration type 1 for base access
[    0.328292] HugeTLB registered 2.00 MiB page size, pre-allocated 0 pages
[    0.336090] ACPI: Added _OSI(Module Device)
[    0.339138] ACPI: Added _OSI(Processor Device)
[    0.340009] ACPI: Added _OSI(3.0 _SCP Extensions)
[    0.344003] ACPI: Added _OSI(Processor Aggregator Device)
[    0.348003] ACPI: Added _OSI(Linux-Dell-Video)
[    0.352003] ACPI: Added _OSI(Linux-Lenovo-NV-HDMI-Audio)
[    0.355538] ACPI: Added _OSI(Linux-HPI-Hybrid-Graphics)
[    0.356712] ACPI: Executed 1 blocks of module-level executable AML code
[    0.367831] ACPI: Interpreter enabled
[    0.368012] ACPI: (supports S0 S5)
[    0.370279] ACPI: Using IOAPIC for interrupt routing
[    0.372372] PCI: Using host bridge windows from ACPI; if necessary, use "pci=nocrs" and report a bug
[    0.376207] ACPI: Enabled 2 GPEs in block 00 to 07
[    0.387566] ACPI: PCI Root Bridge [PCI0] (domain 0000 [bus 00-ff])
[    0.388008] acpi PNP0A03:00: _OSC: OS supports [ASPM ClockPM Segments MSI]
[    0.396148] acpi PNP0A03:00: _OSC: not requesting OS control; OS requires [ExtendedConfig ASPM ClockPM MSI]
[    0.400013] acpi PNP0A03:00: fail to add MMCONFIG information, can't access extended PCI configuration space under this bridge.
[    0.404705] PCI host bridge to bus 0000:00
[    0.408005] pci_bus 0000:00: root bus resource [io  0x0000-0x0cf7 window]
[    0.412005] pci_bus 0000:00: root bus resource [io  0x0d00-0xffff window]
[    0.416004] pci_bus 0000:00: root bus resource [mem 0x000a0000-0x000bffff window]
[    0.420003] pci_bus 0000:00: root bus resource [mem 0x40000000-0xfdffffff window]
[    0.424004] pci_bus 0000:00: root bus resource [bus 00-ff]
[    0.435703] pci 0000:00:01.1: legacy IDE quirk: reg 0x10: [io  0x01f0-0x01f7]
[    0.436004] pci 0000:00:01.1: legacy IDE quirk: reg 0x14: [io  0x03f6]
[    0.440004] pci 0000:00:01.1: legacy IDE quirk: reg 0x18: [io  0x0170-0x0177]
[    0.444002] pci 0000:00:01.1: legacy IDE quirk: reg 0x1c: [io  0x0376]
[    0.465212] pci 0000:00:07.0: quirk: [io  0x4000-0x403f] claimed by PIIX4 ACPI
[    0.468025] pci 0000:00:07.0: quirk: [io  0x4100-0x410f] claimed by PIIX4 SMB
[    0.482647] ACPI: PCI Interrupt Link [LNKA] (IRQs 5 9 10 *11)
[    0.484419] ACPI: PCI Interrupt Link [LNKB] (IRQs 5 9 *10 11)
[    0.488180] ACPI: PCI Interrupt Link [LNKC] (IRQs 5 *9 10 11)
[    0.492161] ACPI: PCI Interrupt Link [LNKD] (IRQs 5 9 10 *11)
[    0.496563] SCSI subsystem initialized
[    0.500138] pci 0000:00:02.0: vgaarb: setting as boot VGA device
[    0.503776] pci 0000:00:02.0: vgaarb: VGA device added: decodes=io+mem,owns=io+mem,locks=none
[    0.504004] pci 0000:00:02.0: vgaarb: bridge control possible
[    0.508002] vgaarb: loaded
[    0.512058] ACPI: bus type USB registered
[    0.514553] usbcore: registered new interface driver usbfs
[    0.520006] usbcore: registered new interface driver hub
[    0.523045] usbcore: registered new device driver usb
[    0.524223] EDAC MC: Ver: 3.0.0
[    0.528651] PCI: Using ACPI for IRQ routing
[    0.532552] NetLabel: Initializing
[    0.536001] NetLabel:  domain hash size = 128
[    0.538498] NetLabel:  protocols = UNLABELED CIPSOv4 CALIPSO
[    0.540013] NetLabel:  unlabeled traffic allowed by default
[    0.544269] clocksource: Switched to clocksource kvm-clock
[    0.556080] VFS: Disk quotas dquot_6.6.0
[    0.556080] VFS: Dquot-cache hash table entries: 512 (order 0, 4096 bytes)
[    0.556080] AppArmor: AppArmor Filesystem Enabled
[    0.556080] pnp: PnP ACPI init
[    0.556080] pnp: PnP ACPI: found 3 devices
[    0.632299] clocksource: acpi_pm: mask: 0xffffff max_cycles: 0xffffff, max_idle_ns: 2085701024 ns
[    0.636263] NET: Registered protocol family 2
[    0.636263] IP idents hash table entries: 16384 (order: 5, 131072 bytes)
[    0.645369] TCP established hash table entries: 8192 (order: 4, 65536 bytes)
[    0.649805] TCP bind hash table entries: 8192 (order: 5, 131072 bytes)
[    0.653684] TCP: Hash tables configured (established 8192 bind 8192)
[    0.657341] UDP hash table entries: 512 (order: 2, 16384 bytes)
[    0.657341] UDP-Lite hash table entries: 512 (order: 2, 16384 bytes)
[    0.657341] NET: Registered protocol family 1
[    0.657341] pci 0000:00:00.0: Limiting direct PCI/PCI transfers
[    0.657341] pci 0000:00:01.0: Activating ISA DMA hang workarounds
[    0.674006] pci 0000:00:02.0: Video device with shadowed ROM at [mem 0x000c0000-0x000dffff]
[    0.677872] Unpacking initramfs...
[    1.068783] Freeing initrd memory: 20396K
[    1.073110] clocksource: tsc: mask: 0xffffffffffffffff max_cycles: 0x2135f5e6f15, max_idle_ns: 440795231538 ns
[    1.079583] platform rtc_cmos: registered platform RTC device (no PNP device found)
[    1.084703] Scanning for low memory corruption every 60 seconds
[    1.090234] Initialise system trusted keyrings
[    1.093716] Key type blacklist registered
[    1.097115] workingset: timestamp_bits=36 max_order=18 bucket_order=0
[    1.103673] zbud: loaded
[    1.106851] squashfs: version 4.0 (2009/01/31) Phillip Lougher
[    1.111856] fuse init (API version 7.26)
[    1.134595] Key type asymmetric registered
[    1.136835] Asymmetric key parser 'x509' registered
[    1.140212] Block layer SCSI generic (bsg) driver version 0.4 loaded (major 246)
[    1.144492] io scheduler noop registered
[    1.146679] io scheduler deadline registered
[    1.149703] io scheduler cfq registered (default)
[    1.152728] ACPI: AC Adapter [AC] (on-line)
[    1.155343] input: Power Button as /devices/LNXSYSTM:00/LNXPWRBN:00/input/input0
[    1.159953] ACPI: Power Button [PWRF]
[    1.162359] input: Sleep Button as /devices/LNXSYSTM:00/LNXSLPBN:00/input/input1
[    1.166592] ACPI: Sleep Button [SLPF]
[    1.172753] ACPI: Battery Slot [BAT0] (battery present)
[    1.177151] Serial: 8250/16550 driver, 32 ports, IRQ sharing enabled
[    1.205349] 00:02: ttyS0 at I/O 0x3f8 (irq = 4, base_baud = 115200) is a 16550A
[    1.222537] Linux agpgart interface v0.103
[    1.230136] loop: module loaded
[    1.234646] scsi host0: ata_piix
[    1.238008] scsi host1: ata_piix
[    1.240685] ata1: PATA max UDMA/33 cmd 0x1f0 ctl 0x3f6 bmdma 0xd000 irq 14
[    1.245798] ata2: PATA max UDMA/33 cmd 0x170 ctl 0x376 bmdma 0xd008 irq 15
[    1.250738] tun: Universal TUN/TAP device driver, 1.6
[    1.255138] PPP generic driver version 2.4.2
[    1.259083] ehci_hcd: USB 2.0 'Enhanced' Host Controller (EHCI) Driver
[    1.263884] ehci-pci: EHCI PCI platform driver
[    1.267506] ehci-platform: EHCI generic platform driver
[    1.271434] ohci_hcd: USB 1.1 'Open' Host Controller (OHCI) Driver
[    1.276169] ohci-pci: OHCI PCI platform driver
[    1.279263] ohci-platform: OHCI generic platform driver
[    1.282884] uhci_hcd: USB Universal Host Controller Interface driver
[    1.286839] i8042: PNP: PS/2 Controller [PNP0303:PS2K,PNP0f03:PS2M] at 0x60,0x64 irq 1,12
[    1.295934] serio: i8042 KBD port at 0x60,0x64 irq 1
[    1.299699] serio: i8042 AUX port at 0x60,0x64 irq 12
[    1.304438] mousedev: PS/2 mouse device common for all mice
[    1.311508] rtc_cmos rtc_cmos: rtc core: registered rtc_cmos as rtc0
[    1.316458] input: AT Translated Set 2 keyboard as /devices/platform/i8042/serio0/input/input2
[    1.320843] rtc_cmos rtc_cmos: alarms up to one day, 114 bytes nvram
[    1.326061] i2c /dev entries driver
[    1.328621] device-mapper: uevent: version 1.0.3
[    1.331797] device-mapper: ioctl: 4.37.0-ioctl (2017-09-20) initialised: dm-devel@redhat.com
[    1.337377] ledtrig-cpu: registered to indicate activity on CPUs
[    1.345039] NET: Registered protocol family 10
[    1.354736] Segment Routing with IPv6
[    1.357818] NET: Registered protocol family 17
[    1.361249] Key type dns_resolver registered
[    1.364822] mce: Using 0 MCE banks
[    1.367160] RAS: Correctable Errors collector initialized.
[    1.370638] sched_clock: Marking stable (1370578535, 0)->(1915711500, -545132965)
[    1.379163] registered taskstats version 1
[    1.382888] Loading compiled-in X.509 certificates
[    1.389311] Loaded X.509 cert 'Build time autogenerated kernel key: cdc7189136aaa35407544516090e2034d9c28e14'
[    1.396617] Loaded X.509 cert 'Canonical Ltd. Live Patch Signing: 14df34d1a87cf37625abec039ef2bf521249b969'
[    1.403829] Loaded X.509 cert 'Canonical Ltd. Kernel Module Signing: 88f752e560a1e0737e31163a466ad7b70a850c19'
[    1.410313] blacklist: Loading compiled-in revocation X.509 certificates
[    1.434518] Loaded X.509 cert 'Canonical Ltd. Secure Boot Signing: 61482aa2830d0ab2ad5af10b7250da9033ddcef0'
[    1.441324] Loaded X.509 cert 'Canonical Ltd. Secure Boot Signing (2017): 242ade75ac4a15e50d50c84b0d45ff3eae707a03'
[    1.448102] Loaded X.509 cert 'Canonical Ltd. Secure Boot Signing (ESM 2018): 365188c1d374d6b07c3c8f240f8ef722433d6a8b'
[    1.455054] Loaded X.509 cert 'Canonical Ltd. Secure Boot Signing (2019): c0746fd6c5da3ae827864651ad66ae47fe24b3e8'
[    1.461917] Loaded X.509 cert 'Canonical Ltd. Secure Boot Signing (2021 v1): a8d54bbb3825cfb94fa13c9f8a594a195c107b8d'
[    1.469173] Loaded X.509 cert 'Canonical Ltd. Secure Boot Signing (2021 v2): 4cf046892d6fd3c9a5b03f98d845f90851dc6a8c'
[    1.476576] Loaded X.509 cert 'Canonical Ltd. Secure Boot Signing (2021 v3): 100437bb6de6e469b581e61cd66bce3ef4ed53af'
[    1.484100] Loaded X.509 cert 'Canonical Ltd. Secure Boot Signing (Ubuntu Core 2019): c1d57b8f6b743f23ee41f4f7ee292f06eecadfb9'
[    1.490905] zswap: loaded using pool lzo/zbud
[    1.501324] Key type big_key registered
[    1.503852] Key type trusted registered
[    1.509369] Key type encrypted registered
[    1.512233] AppArmor: AppArmor sha1 policy hashing enabled
[    1.516183] ima: No TPM chip found, activating TPM-bypass! (rc=-19)
[    1.520430] ima: Allocated hash algorithm: sha1
[    1.523484] evm: HMAC attrs: 0x1
[    1.526178]   Magic number: 4:338:506
[    1.528780] rtc_cmos rtc_cmos: setting system clock to 2024-12-11 00:33:00 UTC (1733877180)
[    1.533703] BIOS EDD facility v0.16 2004-Jun-25, 0 devices found
[    1.537103] EDD information not available.
[    1.541442] Freeing unused kernel image memory: 2480K
[    1.560303] Write protecting the kernel read-only data: 20480k
[    1.564431] Freeing unused kernel image memory: 2008K
[    1.567519] Freeing unused kernel image memory: 1820K
[    1.573453] x86/mm: Checked W+X mappings: passed, no W+X pages found.
Loading, please wait...
starting version 237
[    1.633641] e1000: Intel(R) PRO/1000 Network Driver - version 7.3.21-k8-NAPI
[    1.639254] e1000: Copyright (c) 1999-2006 Intel Corporation.
[    1.654213] Fusion MPT base driver 3.04.20
[    1.658185] Copyright (c) 1999-2008 LSI Corporation
[    1.668787] Fusion MPT SPI Host driver 3.04.20
[    1.684673] SSE version of gcm_enc/dec engaged.
[    1.894024] input: ImExPS/2 Generic Explorer Mouse as /devices/platform/i8042/serio1/input/input4
[    2.579417] e1000 0000:00:03.0 eth0: (PCI:33MHz:32-bit) 02:3b:7b:b7:3b:2d
[    2.583407] e1000 0000:00:03.0 eth0: Intel(R) PRO/1000 Network Connection
[    3.443894] e1000 0000:00:08.0 eth1: (PCI:33MHz:32-bit) 08:00:27:00:89:4f
[    3.448118] e1000 0000:00:08.0 eth1: Intel(R) PRO/1000 Network Connection
[    3.453618] e1000 0000:00:08.0 enp0s8: renamed from eth1
[    3.460629] mptbase: ioc0: Initiating bringup
[    3.474241] e1000 0000:00:03.0 enp0s3: renamed from eth0
[    3.887217] ioc0: LSI53C1030 A0: Capabilities={Initiator}
[    4.709493] scsi host2: ioc0: LSI53C1030 A0, FwRev=00000000h, Ports=1, MaxQ=256, IRQ=20
[    5.482589] scsi 2:0:0:0: Direct-Access     VBOX     HARDDISK         1.0  PQ: 0 ANSI: 5
[    5.516428] scsi target2:0:0: Beginning Domain Validation
[    5.525337] scsi target2:0:0: Domain Validation skipping write tests
[    5.530300] scsi target2:0:0: Ending Domain Validation
[    5.535104] scsi target2:0:0: asynchronous
[    5.540460] scsi 2:0:1:0: Direct-Access     VBOX     HARDDISK         1.0  PQ: 0 ANSI: 5
[    5.580463] scsi target2:0:1: Beginning Domain Validation
[    5.589371] scsi target2:0:1: Domain Validation skipping write tests
[    5.593392] scsi target2:0:1: Ending Domain Validation
[    5.596925] scsi target2:0:1: asynchronous
[    5.608270] sd 2:0:0:0: Attached scsi generic sg0 type 0
[    5.612822] sd 2:0:0:0: [sda] 83886080 512-byte logical blocks: (42.9 GB/40.0 GiB)
[    5.617887] sd 2:0:1:0: Attached scsi generic sg1 type 0
[    5.621685] sd 2:0:0:0: [sda] Write Protect is off
[    5.625893] sd 2:0:1:0: [sdb] 20480 512-byte logical blocks: (10.5 MB/10.0 MiB)
[    5.630729] sd 2:0:0:0: [sda] Incomplete mode parameter data
[    5.634649] sd 2:0:0:0: [sda] Assuming drive cache: write through
[    5.634747] sd 2:0:1:0: [sdb] Write Protect is off
[    5.642695] sd 2:0:1:0: [sdb] Incomplete mode parameter data
[    5.646259] sd 2:0:1:0: [sdb] Assuming drive cache: write through
[    5.652056]  sda: sda1
[    5.655858] sd 2:0:1:0: [sdb] Attached SCSI disk
[    5.659447] sd 2:0:0:0: [sda] Attached SCSI disk
Begin: Loading essential drivers ... [    7.344105] raid6: sse2x1   gen() 11429 MB/s
[    7.392391] raid6: sse2x1   xor() 10144 MB/s
[    7.440574] raid6: sse2x2   gen() 22370 MB/s
[    7.488539] raid6: sse2x2   xor() 10124 MB/s
[    7.536089] raid6: sse2x4   gen() 16202 MB/s
[    7.584374] raid6: sse2x4   xor() 10662 MB/s
[    7.587820] raid6: using algorithm sse2x2 gen() 22370 MB/s
[    7.592097] raid6: .... xor() 10124 MB/s, rmw enabled
[    7.596030] raid6: using ssse3x2 recovery algorithm
[    7.601536] xor: measuring software checksum speed
[  388.277378] INFO: rcu_sched self-detected stall on CPU
[  388.277892] INFO: rcu_sched detected stalls on CPUs/tasks:
[  388.280774] 	1-...!: (3 ticks this GP) idle=29e/140000000000001/0 softirq=633/633 fqs=1 
[  388.289125] 	 (t=95169 jiffies g=-136 c=-137 q=49)
[  388.289154] 	1-...!: (3 ticks this GP) idle=29e/140000000000001/0 softirq=633/633 fqs=1 
[  388.292312] rcu_sched kthread starved for 95163 jiffies! g18446744073709551480 c18446744073709551479 f0x0 RCU_GP_WAIT_FQS(3) ->state=0x402 ->cpu=0
[  388.296957] 	(detected by 0, t=95169 jiffies, g=-136, c=-137, q=49)
[  388.304792] rcu_sched       I    0     8      2 0x80000000
[  388.308422] Sending NMI from CPU 0 to CPUs 1:
[  388.311861] Call Trace:
[  388.315272] NMI backtrace for cpu 1
[  388.315273] CPU: 1 PID: 291 Comm: modprobe Not tainted 4.15.0-213-generic #224-Ubuntu
[  388.315273] Hardware name: innotek GmbH VirtualBox/VirtualBox, BIOS VirtualBox 12/01/2006
[  388.315273] RIP: 0010:io_serial_out+0x1a/0x20
[  388.315273] RSP: 0018:ffff894c7fd03b00 EFLAGS: 00010002
[  388.315274] RAX: 000000000000005b RBX: ffffffffae116e60 RCX: 0000000000000000
[  388.315274] RDX: 00000000000003f8 RSI: 0000000000000000 RDI: ffffffffae116e60
[  388.315274] RBP: ffff894c7fd03b00 R08: 0000000000000000 R09: 0000000000000007
[  388.315274] R10: 0000000000000000 R11: ffffffffadf6a80d R12: 000000000000005b
[  388.315275] R13: ffffffffadf6a81b R14: ffffffffadf6a801 R15: ffffffffae116e60
[  388.315275] FS:  00007fc7224f5540(0000) GS:ffff894c7fd00000(0000) knlGS:0000000000000000
[  388.315275] CS:  0010 DS: 0000 ES: 0000 CR0: 0000000080050033
[  388.315275] CR2: 000055d8f71b88a8 CR3: 0000000035c78005 CR4: 00000000000206e0
[  388.315275] Call Trace:
[  388.315276]  <IRQ>
[  388.315276]  serial8250_console_putchar+0x2d/0x40
[  388.315276]  ? wait_for_xmitr+0xb0/0xb0
[  388.315276]  uart_console_write+0x4c/0x60
[  388.315276]  serial8250_console_write+0x10a/0x2a0
[  388.315276]  ? msg_print_text+0x80/0x100
[  388.315277]  univ8250_console_write+0x21/0x30
[  388.315277]  console_unlock+0x3cf/0x560
[  388.315277]  vprintk_emit+0x134/0x2c0
[  388.315277]  vprintk_default+0x29/0x50
[  388.315277]  vprintk_func+0x47/0xc0
[  388.315278]  printk+0x52/0x6e
[  388.315278]  show_trace_log_lvl+0x8c/0x3d0
[  388.315278]  ? vprintk_default+0x29/0x50
[  388.315278]  ? vprintk_func+0x47/0xc0
[  388.315278]  show_stack+0x34/0x50
[  388.315278]  sched_show_task+0xfe/0x130
[  388.315279]  rcu_check_gp_kthread_starvation+0xad/0xc0
[  388.315279]  rcu_check_callbacks+0x6c5/0x8e0
[  388.315279]  ? tick_sched_do_timer+0x50/0x50
[  388.315279]  update_process_times+0x2f/0x60
[  388.315279]  tick_sched_handle+0x26/0x70
[  388.315279]  ? tick_sched_do_timer+0x42/0x50
[  388.315280]  tick_sched_timer+0x39/0x80
[  388.315280]  __hrtimer_run_queues+0xdf/0x230
[  388.315280]  hrtimer_interrupt+0x97/0x180
[  388.315280]  smp_apic_timer_interrupt+0x6f/0x140
[  388.315280]  apic_timer_interrupt+0x90/0xa0
[  388.315280]  </IRQ>
[  388.315281] RIP: 0010:do_xor_speed+0x4f/0xc9 [xor]
[  388.315281] RSP: 0018:ffff991000397c08 EFLAGS: 00010246 ORIG_RAX: ffffffffffffff11
[  388.315281] RAX: 0000000000000000 RBX: 000000000000e5b4 RCX: ffff894c75d58000
[  388.315281] RDX: 00000000fffee27b RSI: ffff894c76061000 RDI: ffff894c75d593c0
[  388.315282] RBP: ffff991000397c40 R08: ffffffffc0433680 R09: 0000000000000000
[  388.315282] R10: 0000000000000001 R11: ffffffffacb3a270 R12: ffffffffc0436080
[  388.315282] R13: 000000000000e5b4 R14: 0000000000000004 R15: 00000000fffee27b
[  388.315282]  ? vga_set_palette+0x180/0x180
[  388.315282]  ? xor_sse_3_pf64+0x260/0x260 [xor]
[  388.315283]  ? do_xor_speed+0x7d/0xc9 [xor]
[  388.315283]  calibrate_xor_blocks+0xc3/0xf37 [xor]
[  388.315283]  ? do_xor_speed+0xc9/0xc9 [xor]
[  388.315283]  do_one_initcall+0x52/0x1b0
[  388.315283]  ? _cond_resched+0x19/0x40
[  388.315283]  ? kmem_cache_alloc_trace+0x167/0x1d0
[  388.315284]  ? do_init_module+0x27/0x1f2
[  388.315284]  do_init_module+0x4f/0x1f2
[  388.315284]  load_module+0x1aa7/0x1fd0
[  388.315284]  ? ima_post_read_file+0x96/0xa0
[  388.315285]  SYSC_finit_module+0xfc/0x120
[  388.315285]  ? SYSC_finit_module+0xfc/0x120
[  388.315285]  SyS_finit_module+0xe/0x10
[  388.315285]  do_syscall_64+0x73/0x130
[  388.315285]  entry_SYSCALL_64_after_hwframe+0x59/0xbe
[  388.315286] RIP: 0033:0x7fc721ff9539
[  388.315286] RSP: 002b:00007fff2f026c28 EFLAGS: 00000246 ORIG_RAX: 0000000000000139
[  388.315286] RAX: ffffffffffffffda RBX: 00005585f03fa680 RCX: 00007fc721ff9539
[  388.315286] RDX: 0000000000000000 RSI: 00005585efba7cee RDI: 0000000000000005
[  388.315286] RBP: 00005585efba7cee R08: 0000000000000000 R09: 00005585f03f9d80
[  388.315287] R10: 0000000000000005 R11: 0000000000000246 R12: 0000000000000000
[  388.315287] R13: 00005585f03f9540 R14: 0000000000060000 R15: 00005585f03f9d80
[  388.315287] Code: 55 48 89 e5 d3 e6 01 f2 ec 0f b6 c0 5d c3 0f 1f 00 0f 1f 44 00 00 0f b6 8f a1 00 00 00 89 d0 8b 57 08 55 48 89 e5 d3 e6 01 f2 ee <5d> c3 0f 1f 40 00 0f 1f 44 00 00 0f b6 87 a2 00 00 00 55 48 c7 
[  388.315294] rcu_sched kthread starved for 95163 jiffies! g18446744073709551480 c18446744073709551479 f0x0 RCU_GP_WAIT_FQS(3) ->state=0x402 ->cpu=0
[  388.316186]  __schedule+0x24e/0x890
[  388.318243] rcu_sched       I    0     8      2 0x80000000
[  388.322844]  schedule+0x2c/0x80
[  388.327376] Call Trace:
[  388.330067]  schedule_timeout+0x15d/0x370
[  388.332844]  __schedule+0x24e/0x890
[  388.337026]  ? __next_timer_interrupt+0xe0/0xe0
[  388.340837]  schedule+0x2c/0x80
[  388.344995]  rcu_gp_kthread+0x53a/0x980
[  388.348954]  schedule_timeout+0x15d/0x370
[  388.353115]  kthread+0x121/0x140
[  388.357362]  ? __next_timer_interrupt+0xe0/0xe0
[  388.360834]  ? rcu_note_context_switch+0x150/0x150
[  388.364555]  rcu_gp_kthread+0x53a/0x980
[  388.366282]  ? kthread_create_worker_on_cpu+0x70/0x70
[  388.367460]  kthread+0x121/0x140
[  388.370520]  ret_from_fork+0x1f/0x40
[  388.372601]  ? rcu_note_context_switch+0x150/0x150
[  388.375178] NMI backtrace for cpu 1
[  388.377725]  ? kthread_create_worker_on_cpu+0x70/0x70
[  388.380339] CPU: 1 PID: 291 Comm: modprobe Not tainted 4.15.0-213-generic #224-Ubuntu
[  388.383025]  ret_from_fork+0x1f/0x40
[  388.385730] Hardware name: innotek GmbH VirtualBox/VirtualBox, BIOS VirtualBox 12/01/2006
[  388.626885] Call Trace:
[  388.628968]  <IRQ>
[  388.630220]  dump_stack+0x6d/0x8b
[  388.632195]  nmi_cpu_backtrace+0x94/0xa0
[  388.634497]  ? lapic_can_unplug_cpu+0xb0/0xb0
[  388.637148]  nmi_trigger_cpumask_backtrace+0xe7/0x130
[  388.640135]  arch_trigger_cpumask_backtrace+0x19/0x20
[  388.642979]  rcu_dump_cpu_stacks+0xa3/0xd5
[  388.645314]  rcu_check_callbacks+0x6cd/0x8e0
[  388.647742]  ? tick_sched_do_timer+0x50/0x50
[  388.650193]  update_process_times+0x2f/0x60
[  388.652603]  tick_sched_handle+0x26/0x70
[  388.654844]  ? tick_sched_do_timer+0x42/0x50
[  388.657235]  tick_sched_timer+0x39/0x80
[  388.659539]  __hrtimer_run_queues+0xdf/0x230
[  388.661930]  hrtimer_interrupt+0x97/0x180
[  388.664206]  smp_apic_timer_interrupt+0x6f/0x140
[  388.666824]  apic_timer_interrupt+0x90/0xa0
[  388.669174]  </IRQ>
[  388.670454] RIP: 0010:do_xor_speed+0x4f/0xc9 [xor]
[  388.673103] RSP: 0018:ffff991000397c08 EFLAGS: 00010246 ORIG_RAX: ffffffffffffff11
[  388.677304] RAX: 0000000000000000 RBX: 000000000000e5b4 RCX: ffff894c75d58000
[  388.681324] RDX: 00000000fffee27b RSI: ffff894c76061000 RDI: ffff894c75d593c0
[  388.685161] RBP: ffff991000397c40 R08: ffffffffc0433680 R09: 0000000000000000
[  388.689008] R10: 0000000000000001 R11: ffffffffacb3a270 R12: ffffffffc0436080
[  388.693099] R13: 000000000000e5b4 R14: 0000000000000004 R15: 00000000fffee27b
[  388.696935]  ? vga_set_palette+0x180/0x180
[  388.699230]  ? xor_sse_3_pf64+0x260/0x260 [xor]
[  388.702122]  ? do_xor_speed+0x7d/0xc9 [xor]
[  388.704458]  calibrate_xor_blocks+0xc3/0xf37 [xor]
[  388.707118]  ? do_xor_speed+0xc9/0xc9 [xor]
[  388.709446]  do_one_initcall+0x52/0x1b0
[  388.711628]  ? _cond_resched+0x19/0x40
[  388.713733]  ? kmem_cache_alloc_trace+0x167/0x1d0
[  388.716361]  ? do_init_module+0x27/0x1f2
[  388.718560]  do_init_module+0x4f/0x1f2
[  388.720814]  load_module+0x1aa7/0x1fd0
[  388.722912]  ? ima_post_read_file+0x96/0xa0
[  388.725233]  SYSC_finit_module+0xfc/0x120
[  388.727468]  ? SYSC_finit_module+0xfc/0x120
[  388.729785]  SyS_finit_module+0xe/0x10
[  388.731917]  do_syscall_64+0x73/0x130
[  388.733984]  entry_SYSCALL_64_after_hwframe+0x59/0xbe
[  388.736760] RIP: 0033:0x7fc721ff9539
[  388.738756] RSP: 002b:00007fff2f026c28 EFLAGS: 00000246 ORIG_RAX: 0000000000000139
[  388.743187] RAX: ffffffffffffffda RBX: 00005585f03fa680 RCX: 00007fc721ff9539
[  388.747031] RDX: 0000000000000000 RSI: 00005585efba7cee RDI: 0000000000000005
[  388.750880] RBP: 00005585efba7cee R08: 0000000000000000 R09: 00005585f03f9d80
[  388.754789] R10: 0000000000000005 R11: 0000000000000246 R12: 0000000000000000
[  388.758619] R13: 00005585f03f9540 R14: 0000000000060000 R15: 00005585f03f9d80
[  388.833506]    prefetch64-sse: 64638.000 MB/sec
[  388.926785]    generic_sse: 59623.000 MB/sec
[  388.929775] xor: using function: prefetch64-sse (64638.000 MB/sec)
[  388.935722] async_tx: api initialized (async)
done.
Begin: Running /scripts/init-premount ... done.
Begin: Mounting root file system ... Begin: Running /scripts/local-top ... done.
Begin: Running /scripts/local-premount ... [  388.992672] Btrfs loaded, crc32c=crc32c-intel
Scanning for Btrfs filesystems
done.
Begin: Will now check root file system ... fsck from util-linux 2.31.1
[/sbin/fsck.ext4 (1) -- /dev/sda1] fsck.ext4 -a -C0 /dev/sda1 
cloudimg-rootfs: clean, 109734/5120000 files, 992368/10485499 blocks
done.
[  389.051780] EXT4-fs (sda1): mounted filesystem with ordered data mode. Opts: (null)
done.
Begin: Running /scripts/local-bottom ... done.
Begin: Running /scripts/init-bottom ... done.
[  389.284347] ip_tables: (C) 2000-2006 Netfilter Core Team
[  389.299339] systemd[1]: systemd 237 running in system mode. (+PAM +AUDIT +SELINUX +IMA +APPARMOR +SMACK +SYSVINIT +UTMP +LIBCRYPTSETUP +GCRYPT +GNUTLS +ACL +XZ +LZ4 +SECCOMP +BLKID +ELFUTILS +KMOD -IDN2 +IDN -PCRE2 default-hierarchy=hybrid)
[  389.314179] systemd[1]: Detected virtualization oracle.
[  389.317466] systemd[1]: Detected architecture x86-64.

Welcome to [1mUbuntu 18.04.6 LTS[0m!

[  389.339103] systemd[1]: Set hostname to <ubuntu-bionic>.
[  389.561000] systemd[1]: /usr/lib/systemd/system/grafana-server.service:28: Unknown lvalue 'ProtectClock' in section 'Service'
[  389.567102] systemd[1]: /usr/lib/systemd/system/grafana-server.service:31: Unknown lvalue 'ProtectHostname' in section 'Service'
[  389.573371] systemd[1]: /usr/lib/systemd/system/grafana-server.service:32: Unknown lvalue 'ProtectKernelLogs' in section 'Service'
[  389.579793] systemd[1]: /usr/lib/systemd/system/grafana-server.service:35: Unknown lvalue 'ProtectProc' in section 'Service'
[  389.625887] systemd[1]: Reached target User and Group Name Lookups.
[[0;32m  OK  [0m] Reached target User and Group Name Lookups.
[  389.636442] systemd[1]: Created slice User and Session Slice.
[[0;32m  OK  [0m] Created slice User and Session Slice.
[[0;32m  OK  [0m] Reached target Mounting snaps.
[[0;32m  OK  [0m] Reached target Mounted snaps.
[[0;32m  OK  [0m] Reached target Swap.
[[0;32m  OK  [0m] Reached target System Time Synchronized.
[[0;32m  OK  [0m] Set up automount Arbitrary Executabâ€¦rmats File System Automount Point.
[[0;32m  OK  [0m] Created slice System Slice.
[[0;32m  OK  [0m] Listening on Journal Socket (/dev/log).
[[0;32m  OK  [0m] Listening on Journal Socket.
[[0;32m  OK  [0m] Listening on udev Kernel Socket.
         Starting Uncomplicated firewall...
         Mounting Kernel Debug File System...
         Starting Set the console keyboard layout...
[[0;32m  OK  [0m] Listening on Network Service Netlink Socket.
[[0;32m  OK  [0m] Listening on fsck to fsckd communication Socket.
         Starting Create list of required stâ€¦ce nodes for the current kernel...
[[0;32m  OK  [0m] Listening on Journal Audit Socket.
[[0;32m  OK  [0m] Listening on udev Control Socket.
         Starting udev Coldplug all Devices...
[[0;32m  OK  [0m] Listening on LVM2 poll daemon socket.
         Mounting Huge Pages File System...
         Starting Load Kernel Modules...
         Starting Remount Root and Kernel File Systems...
[[0;32m  OK  [0m] Reached target Slices.
[[0;32m  OK  [0m] Listening on LVM2 metadata daemon socket.
[[0;32m  OK  [0m] Listening on /dev/initctl Compatibility Named Pipe.
[[0;32m  OK  [0m] Created slice system-serial\x2dgetty.slice.
[[0;32m  OK  [0m] Listening on Syslog Socket.
[[0;32m  OK  [0m] Listening on Device-mapper event daemon FIFOs.[  389.717165] Loading iSCSI transport class v2.0-870.

         Starting Monitoring of LVM2 mirrorsâ€¦ng dmeventd or progress polling...
         Mounting POSIX Message Queue File System...
[[0;32m  OK  [0m] Started Forward Password Requests to Wall Directory Watch.
[  389.734178] iscsi: registered transport (tcp)
         Starting Journal Service...
[[0;32m  OK  [0m] Started Uncomplicated firewall.
[[0;32m  OK  [0m] Mounted Kernel Debug File System.
[[0;32m  OK  [0m] Started Create list of required staâ€¦vice nodes for the current kernel.
[[0;32m  OK  [0m] Mounted Huge Pages File System.
[[0;32m  OK  [0m] Mounted POSIX Message Queue File System.
         Starting Create Static Device Nodes in /dev...
[[0;32m  OK  [0m] Started udev Coldplug all Devices.
[[0;32m  OK  [0m] Started LVM2 metadata daemon.
[  389.808712] iscsi: registered transport (iser)
[[0;32m  OK  [0m] Started Load Kernel Modules.
         Starting Apply Kernel Variables...
         Mounting FUSE Control File System...
         Mounting Kernel Configuration File System...[  389.826520] EXT4-fs (sda1): re-mounted. Opts: (null)

[[0;32m  OK  [0m] Started Remount Root and Kernel File Systems.
[[0;32m  OK  [0m] Mounted FUSE Control File System.
[[0;32m  OK  [0m] Mounted Kernel Configuration File System.
         Starting Load/Save Random Seed...
[[0;32m  OK  [0m] Started Journal Service.
[[0;32m  OK  [0m] Started Set the console keyboard layout.
[[0;32m  OK  [0m] Started Create Static Device Nodes in /dev.
         Starting udev Kernel Device Manager...
         Starting Flush Journal to Persistent Storage...
[[0;32m  OK  [0m] Started Monitoring of LVM2 mirrors,â€¦sing dmeventd or progress polling.
[[0;32m  OK  [0m] Started Apply Kernel Variables.
[[0;32m  OK  [0m] Started Load/Save Random Seed.
[[0;32m  OK  [0m] Reached target Local File Systems (Pre).
[[0;32m  OK  [0m] Reached target Local File Systems.
         Starting ebtables ruleset management...
         Starting AppArmor initialization...
         Starting Tell Plymouth To Write Out Runtime Data...
         Starting Set console font and keymap...
[[0;32m  OK  [0m] Started Tell Plymouth To Write Out Runtime Data.
[[0;32m  OK  [0m] Started Set console font and keymap.
[[0;32m  OK  [0m] Started udev Kernel Device Manager.
[[0;32m  OK  [0m] Started Dispatch Password Requests to Console Directory Watch.
[[0;32m  OK  [0m] Reached target Local Encrypted Volumes.
[[0;32m  OK  [0m] Started Flush Journal to Persistent Storage.
         Starting Create Volatile Files and Directories...
[[0;32m  OK  [0m] Started Create Volatile Files and Directories.
         Starting Update UTMP about System Boot/Shutdown...
[[0;32m  OK  [0m] Started Update UTMP about System Boot/Shutdown.
[[0;32m  OK  [0m] Started ebtables ruleset management.
[[0;32m  OK  [0m] Found device /dev/ttyS0.
[[0;32m  OK  [0m] Listening on Load/Save RF Kill Switch Status /dev/rfkill Watch.
[[0;32m  OK  [0m] Started AppArmor initialization.
         Starting Initial cloud-init job (pre-networking)...
         Starting Load AppArmor profiles managed internally by snapd...
         Mounting Arbitrary Executable File Formats File System...
[[0;32m  OK  [0m] Mounted Arbitrary Executable File Formats File System.
[[0;32m  OK  [0m] Started Load AppArmor profiles managed internally by snapd.
[  391.532268] cloud-init[571]: Cloud-init v. 23.1.2-0ubuntu0~18.04.1 running 'init-local' at Wed, 11 Dec 2024 00:39:30 +0000. Up 391.37 seconds.
[[0;32m  OK  [0m] Started Initial cloud-init job (pre-networking).
[[0;32m  OK  [0m] Reached target Network (Pre).
         Starting Network Service...
[[0;32m  OK  [0m] Started Network Service.
         Starting Network Name Resolution...
         Starting Wait for Network to be Configured...
[[0;32m  OK  [0m] Started Network Name Resolution.
[[0;32m  OK  [0m] Reached target Network.
[[0;32m  OK  [0m] Reached target Host and Network Name Lookups.
[[0;32m  OK  [0m] Started Wait for Network to be Configured.
         Starting Initial cloud-init job (metadata service crawler)...
[  393.405554] cloud-init[685]: Cloud-init v. 23.1.2-0ubuntu0~18.04.1 running 'init' at Wed, 11 Dec 2024 00:39:32 +0000. Up 393.32 seconds.
[  393.409209] cloud-init[685]: ci-info: ++++++++++++++++++++++++++++++++++++++Net device info+++++++++++++++++++++++++++++++++++++++
[  393.411858] cloud-init[685]: ci-info: +--------+------+-----------------------------+---------------+--------+-------------------+
[  393.414472] cloud-init[685]: ci-info: | Device |  Up  |           Address           |      Mask     | Scope  |     Hw-Address    |
[  393.417017] cloud-init[685]: ci-info: +--------+------+-----------------------------+---------------+--------+-------------------+
[  393.419528] cloud-init[685]: ci-info: | enp0s3 | True |          10.0.2.15          | 255.255.255.0 | global | 02:3b:7b:b7:3b:2d |
[  393.422018] cloud-init[685]: ci-info: | enp0s3 | True |  fd00::3b:7bff:feb7:3b2d/64 |       .       | global | 02:3b:7b:b7:3b:2d |
[  393.424555] cloud-init[685]: ci-info: | enp0s3 | True |  fe80::3b:7bff:feb7:3b2d/64 |       .       |  link  | 02:3b:7b:b7:3b:2d |
[  393.427009] cloud-init[685]: ci-info: | enp0s8 | True |        192.168.56.102       | 255.255.255.0 | global | 08:00:27:00:89:4f |
[  393.429446] cloud-init[685]: ci-info: | enp0s8 | True | fe80::a00:27ff:fe00:894f/64 |       .       |  link  | 08:00:27:00:89:4f |
[  393.431885] cloud-init[685]: ci-info: |   lo   | True |          127.0.0.1          |   255.0.0.0   |  host  |         .         |
[  393.434600] cloud-init[685]: ci-info: |   lo   | True |           ::1/128           |       .       |  host  |         .         |
[  393.437128] cloud-init[685]: ci-info: +--------+------+-----------------------------+---------------+--------+-------------------+
[  393.439589] cloud-init[685]: ci-info: +++++++++++++++++++++++++++++Route IPv4 info+++++++++++++++++++++++++++++
[  393.442465] cloud-init[685]: ci-info: +-------+--------------+----------+-----------------+-----------+-------+
[  393.444853] cloud-init[685]: ci-info: | Route | Destination  | Gateway  |     Genmask     | Interface | Flags |
[  393.447130] cloud-init[685]: ci-info: +-------+--------------+----------+-----------------+-----------+-------+
[  393.449402] cloud-init[685]: ci-info: |   0   |   0.0.0.0    | 10.0.2.2 |     0.0.0.0     |   enp0s3  |   UG  |
[  393.451577] cloud-init[685]: ci-info: |   1   |   10.0.2.0   | 0.0.0.0  |  255.255.255.0  |   enp0s3  |   U   |
[  393.454024] cloud-init[685]: ci-info: |   2   |   10.0.2.2   | 0.0.0.0  | 255.255.255.255 |   enp0s3  |   UH  |
[  393.456219] cloud-init[685]: ci-info: |   3   | 192.168.56.0 | 0.0.0.0  |  255.255.255.0  |   enp0s8  |   U   |
[  393.464352] cloud-init[685]: ci-info: +-------+--------------+----------+-----------------+-----------+-------+
[  393.467156] cloud-init[685]: ci-info: +++++++++++++++++++Route IPv6 info+++++++++++++++++++
[  393.469392] cloud-init[685]: ci-info: +-------+-------------+---------+-----------+-------+
[  393.471283] cloud-init[685]: ci-info: | Route | Destination | Gateway | Interface | Flags |
[  393.473400] cloud-init[685]: ci-info: +-------+-------------+---------+-----------+-------+
[  393.475724] cloud-init[685]: ci-info: |   1   |  fd00::/64  |    ::   |   enp0s3  |   U   |
[  393.477776] cloud-init[685]: ci-info: |   2   |  fe80::/64  |    ::   |   enp0s8  |   U   |
[  393.479712] cloud-init[685]: ci-info: |   3   |  fe80::/64  |    ::   |   enp0s3  |   U   |
[  393.481648] cloud-init[685]: ci-info: |   4   |     ::/0    | fe80::2 |   enp0s3  |   UG  |
[  393.483538] cloud-init[685]: ci-info: |   6   |    local    |    ::   |   enp0s3  |   U   |
[  393.485492] cloud-init[685]: ci-info: |   7   |    local    |    ::   |   enp0s8  |   U   |
[  393.487336] cloud-init[685]: ci-info: |   8   |   ff00::/8  |    ::   |   enp0s8  |   U   |
[  393.489346] cloud-init[685]: ci-info: |   9   |   ff00::/8  |    ::   |   enp0s3  |   U   |
[  393.491079] cloud-init[685]: ci-info: +-------+-------------+---------+-----------+-------+
[[0;32m  OK  [0m] Started Initial cloud-init job (metadata service crawler).
[[0;32m  OK  [0m] Reached target Network is Online.
         Starting Availability of block devices...
[[0;32m  OK  [0m] Reached target Remote File Systems (Pre).
         Mounting /vagrant...
[[0;32m  OK  [0m] Reached target Cloud-config availability.
[[0;32m  OK  [0m] Reached target System Initialization.
[[0;32m  OK  [0m] Listening on cloud-init hotplug hook socket.
[[0;32m  OK  [0m] Started Message of the Day.
[[0;32m  OK  [0m] Started Ubuntu Advantage Timer for running repeated jobs.
[[0;32m  OK  [0m] Listening on ACPID Listen Socket.
[[0;32m  OK  [0m] Listening on UUID daemon activation socket.
[[0;32m  OK  [0m] Listening on D-Bus System Message Bus Socket.
         Starting Socket activation for snappy daemon.
[[0;32m  OK  [0m] Started ACPI Events Check.
[[0;32m  OK  [0m] Reached target Paths.
         Starting LXD - unix socket.
[[0;32m  OK  [0m] Started Discard unused blocks once a week.
[[0;32m  OK  [0m] Listening on Open-iSCSI iscsid Socket.
[[0;32m  OK  [0m] Started Daily apt download activities.
[[0;32m  OK  [0m] Started Daily apt upgrade and clean activities.
[[0;32m  OK  [0m] Started Daily Cleanup of Temporary Directories.
[[0;32m  OK  [0m] Reached target Timers.
[[0;32m  OK  [0m] Started Availability of block devices.
[[0;32m  OK  [0m] Listening on Socket activation for snappy daemon.
[[0;32m  OK  [0m] Listening on LXD - unix socket.
[[0;32m  OK  [0m] Reached target Sockets.
[[0;32m  OK  [0m] Reached target Basic System.
         Starting LSB: Record successful boot for GRUB...
[[0;32m  OK  [0m] Started Deferred execution scheduler.
[[0;32m  OK  [0m] Started Prometheus exporter for machine metrics.
[[0;32m  OK  [0m] Reached target Login Prompts (Pre).
[[0;32m  OK  [0m] Started FUSE filesystem for LXC.
         Starting Login Service...
         Starting Dispatcher daemon for systemd-networkd...
[[0;32m  OK  [0m] Started Monitoring system and time series database.
[[0;32m  OK  [0m] Started Node Exporter.
         Starting LXD - container startup/shutdown...
         Starting Virtualbox guest utils...
         Starting Accounts Service...
[[0;32m  OK  [0m] Started Regular background program processing daemon.
         Starting System Logging Service...
[[0;32m  OK  [0m] Started D-Bus System Message Bus.
[[0;32m  OK  [0m] Started Grafana instance.
         Starting OpenBSD Secure Shell server...
[[0;32m  OK  [0m] Started irqbalance daemon.
         Starting Snap Daemon...
[[0;32m  OK  [0m] Started System Logging Service.
[[0;32m  OK  [0m] Mounted /vagrant.
[[0;32m  OK  [0m] Started Login Service.
         Starting Hostname Service...
[[0;32m  OK  [0m] Started Unattended Upgrades Shutdown.
[[0;32m  OK  [0m] Reached target Remote File Systems.
         Starting LSB: automatic crash report generation...
         Starting Permit User Sessions...
[[0;32m  OK  [0m] Started Permit User Sessions.
         Starting Hold until boot process finishes up...
         Starting Terminate Plymouth Boot Screen...
         Starting Authorization Manager...
[[0;32m  OK  [0m] Started Hold until boot process finishes up.
[[0;32m  OK  [0m] Started Serial Getty on ttyS0.
         Starting Set console scheme...
[[0;32m  OK  [0m] Started Terminate Plymouth Boot Screen.
[[0;32m  OK  [0m] Started Hostname Service.
[[0;32m  OK  [0m] Started Authorization Manager.
[[0;32m  OK  [0m] Started OpenBSD Secure Shell server.
[[0;32m  OK  [0m] Started LXD - container startup/shutdown.
[[0;32m  OK  [0m] Started Virtualbox guest utils.
[[0;32m  OK  [0m] Started LSB: Record successful boot for GRUB.
[[0;32m  OK  [0m] Started LSB: automatic crash report generation.
[[0;32m  OK  [0m] Started Set console scheme.
[[0;32m  OK  [0m] Created slice system-getty.slice.
[[0;32m  OK  [0m] Started Getty on tty1.
[[0;32m  OK  [0m] Reached target Login Prompts.
[[0;32m  OK  [0m] Started Accounts Service.
[[0;32m  OK  [0m] Started Dispatcher daemon for systemd-networkd.
[[0;32m  OK  [0m] Started Snap Daemon.
         Starting Wait until snapd is fully seeded...
         Starting Time & Date Service...
[[0;32m  OK  [0m] Started Time & Date Service.
[[0;32m  OK  [0m] Started Wait until snapd is fully seeded.
         Starting Apply the settings specified in cloud-config...
[  397.676028] cloud-init[1202]: Cloud-init v. 23.1.2-0ubuntu0~18.04.1 running 'modules:config' at Wed, 11 Dec 2024 00:39:36 +0000. Up 397.57 seconds.
[[0;32m  OK  [0m] Started Apply the settings specified in cloud-config.
[[0;32m  OK  [0m] Reached target Multi-User System.
[[0;32m  OK  [0m] Reached target Graphical Interface.
         Starting Update UTMP about System Runlevel Changes...
         Starting Execute cloud user/final scripts...
[[0;32m  OK  [0m] Started Update UTMP about System Runlevel Changes.
[  398.110144] cloud-init[1248]: Cloud-init v. 23.1.2-0ubuntu0~18.04.1 running 'modules:final' at Wed, 11 Dec 2024 00:39:36 +0000. Up 397.99 seconds.
[  398.113197] cloud-init[1248]: Cloud-init v. 23.1.2-0ubuntu0~18.04.1 finished at Wed, 11 Dec 2024 00:39:37 +0000. Datasource DataSourceNoCloud [seed=/dev/sdb][dsmode=net].  Up 398.10 seconds
[[0;32m  OK  [0m] Started Execute cloud user/final scripts.
[[0;32m  OK  [0m] Reached target Cloud-init target.

Ubuntu 18.04.6 LTS ubuntu-bionic ttyS0

ubuntu-bionic login: 